The file ../files/possible.xml is valid wrt ../files/possible.xsd
